Microchip MPLAB XC8 Compiler V2.36

Linker command line:

-W-3 --edf=C:\Program Files\Microchip\xc8\v2.36\pic\dat\en_msgs.txt -cn \
  -h+dist/default/production\Record_203.production.sym \
  --cmf=dist/default/production\Record_203.production.cmf -z -Q18F4620 \
  -oC:\Users\mohmm\AppData\Local\Temp\xcAsngs.4 --defsym=__MPLAB_BUILD=1 \
  -Mdist/default/production/Record_203.production.map \
  --md=C:\Users\mohmm\AppData\Local\Temp\xcAsngs.dat -E1 -ver=XC8 Compiler \
  --acfsm=1493 -ACODE=00h-0FFFFh -ACONST=00h-0FFFFh \
  -ASMALLCONST=01000h-010FFhx240 -AMEDIUMCONST=01000h-0FFFFh \
  -ACOMRAM=01h-07Fh -AABS1=00h-0F7Fh -ABIGRAM=01h-0F7Fh \
  -ARAM=080h-0FFh,0100h-01FFhx14,0F00h-0F7Fh -ABANK0=080h-0FFh \
  -ABANK1=0100h-01FFh -ABANK2=0200h-02FFh -ABANK3=0300h-03FFh \
  -ABANK4=0400h-04FFh -ABANK5=0500h-05FFh -ABANK6=0600h-06FFh \
  -ABANK7=0700h-07FFh -ABANK8=0800h-08FFh -ABANK9=0900h-09FFh \
  -ABANK10=0A00h-0AFFh -ABANK11=0B00h-0BFFh -ABANK12=0C00h-0CFFh \
  -ABANK13=0D00h-0DFFh -ABANK14=0E00h-0EFFh -ABANK15=0F00h-0F7Fh \
  -ASFR=0F80h-0FFFh -ABIGSFR=0F80h-0FFFh -ACONFIG=0300000h-030000Dh \
  -AIDLOC=0200000h-0200007h -AEEDATA=0F00000h-0F003FFh -peeprom_data=EEDATA \
  -preset_vec=00h,intcode=08h,intcodelo,powerup,init -pramtop=01000h \
  -psmallconst=SMALLCONST -pmediumconst=MEDIUMCONST -pconst=CONST \
  -AFARRAM=00h-00h \
  -prdata=COMRAM,nvrram=COMRAM,nvbit=COMRAM,rbss=COMRAM,rbit=COMRAM \
  -pfarbss=FARRAM,fardata=FARRAM,nvFARRAM=FARRAM \
  -pintsave_regs=BIGRAM,bigbss=BIGRAM,bigdata=BIGRAM -pbss=RAM \
  -pidata=CODE,irdata=CODE,ibigdata=CODE,ifardata=CODE -prparam=COMRAM \
  C:\Users\mohmm\AppData\Local\Temp\xcAsngs.o \
  dist/default/production\Record_203.production.o 

Object code version is 3.11

Machine type is 18F4620



                Name                               Link     Load   Length Selector   Space Scale
C:\Users\mohmm\AppData\Local\Temp\xcAsngs.o
                idloc                            200000   200000        8        0       5
                config                           300000   300000        E        0       4
                init                                  E        E        4        4       0
                reset_vec                             0        0        4        0       0
dist/default/production\Record_203.production.o
                intcode                               8        8        6        4       0
                idloc                            200000   200000        8        0       5
                config                           300000   300000        E        0       4
                temp                                 7C       7C        1        1       1
                smallconst                         1000     1000       16      800       0
                text40                             3010     3010        4     17F3       0
                text39                             301A     301A        2     17F3       0
                text38                             2EFA     2EFA       30      80B       0
                text37                             300C     300C        4     17F3       0
                text36                             3018     3018        2     17F3       0
                text35                             3008     3008        4     17F3       0
                text34                             3004     3004        4     17F3       0
                text33                             3000     3000        4     17F3       0
                text32                             2FFC     2FFC        4     17F3       0
                text31                             2FF8     2FF8        4     17F3       0
                text30                             2FF4     2FF4        4     17F3       0
                text29                             3016     3016        2     17F3       0
                text28                             2F78     2F78       1A      80B       0
                text27                             2F5E     2F5E       1A      80B       0
                text26                             2F44     2F44       1A      80B       0
                text25                             2F2A     2F2A       1A      80B       0
                text24                             2FB8     2FB8        E      80B       0
                text23                             2FC6     2FC6        C      80B       0
                text22                             2FE6     2FE6        8     17F3       0
                text21                             2FA8     2FA8       10      80B       0
                text20                             2EC2     2EC2       38      80B       0
                intcode_body                       1900     1900      416      80B       0
                text18                             2D3E     2D3E       70      80B       0
                text17                             2822     2822      140      80B       0
                text16                             2434     2434      168      80B       0
                text15                             2E88     2E88       3A      80B       0
                text14                             1016     1016      4C0      80B       0
                text13                             1D16     1D16      39A      80B       0
                text12                             14D6     14D6      42A      80B       0
                text11                             2A8E     2A8E      106      80B       0
                text10                             2280     2280      1B4      80B       0
                text9                              20B0     20B0      1D0      80B       0
                text8                              259C     259C      144      80B       0
                text7                              2962     2962      12C      80B       0
                text6                              2E1C     2E1C       6C      80B       0
                text5                              26E0     26E0      142      80B       0
                text4                              2CC0     2CC0       7E      80B       0
                text3                              2B94     2B94       AA      80B       0
                text2                              3014     3014        2     17F3       0
                text1                              2FEE     2FEE        6     17F3       0
                text0                              2DAE     2DAE       6E      80B       0
                cstackCOMRAM                          1        1       69        1       1
                cstackBANK0                          F9       F9        3       80       1
                dataBANK1                           100      100        A      100       1
                dataBANK0                            E3       E3       16       80       1
                bssBANK0                             80       80       63       80       1
                dataCOMRAM                           73       73        9        1       1
                bssCOMRAM                            6A       6A        9        1       1
                cinit                              2C3E     2C3E       82      80B       0
                idataBANK1                         2FD2     2FD2        A      80B       0
                idataBANK0                         2F92     2F92       16      80B       0
                idataCOMRAM                        2FDC     2FDC        9      80B       0

TOTAL           Name                               Link     Load   Length     Space
        CLASS   CODE           
                intcode                               8        8        6         0
                init                                  E        E        4         0
                reset_vec                             0        0        4         0
                text40                             3010     3010        4         0
                text39                             301A     301A        2         0
                text38                             2EFA     2EFA       30         0
                text37                             300C     300C        4         0
                text36                             3018     3018        2         0
                text35                             3008     3008        4         0
                text34                             3004     3004        4         0
                text33                             3000     3000        4         0
                text32                             2FFC     2FFC        4         0
                text31                             2FF8     2FF8        4         0
                text30                             2FF4     2FF4        4         0
                text29                             3016     3016        2         0
                text28                             2F78     2F78       1A         0
                text27                             2F5E     2F5E       1A         0
                text26                             2F44     2F44       1A         0
                text25                             2F2A     2F2A       1A         0
                text24                             2FB8     2FB8        E         0
                text23                             2FC6     2FC6        C         0
                text22                             2FE6     2FE6        8         0
                text21                             2FA8     2FA8       10         0
                text20                             2EC2     2EC2       38         0
                intcode_body                       1900     1900      416         0
                text18                             2D3E     2D3E       70         0
                text17                             2822     2822      140         0
                text16                             2434     2434      168         0
                text15                             2E88     2E88       3A         0
                text14                             1016     1016      4C0         0
                text13                             1D16     1D16      39A         0
                text12                             14D6     14D6      42A         0
                text11                             2A8E     2A8E      106         0
                text10                             2280     2280      1B4         0
                text9                              20B0     20B0      1D0         0
                text8                              259C     259C      144         0
                text7                              2962     2962      12C         0
                text6                              2E1C     2E1C       6C         0
                text5                              26E0     26E0      142         0
                text4                              2CC0     2CC0       7E         0
                text3                              2B94     2B94       AA         0
                text2                              3014     3014        2         0
                text1                              2FEE     2FEE        6         0
                text0                              2DAE     2DAE       6E         0
                cinit                              2C3E     2C3E       82         0
                idataBANK1                         2FD2     2FD2        A         0
                idataBANK0                         2F92     2F92       16         0
                idataCOMRAM                        2FDC     2FDC        9         0

        CLASS   CONST          

        CLASS   SMALLCONST     
                smallconst                         1000     1000       16         0

        CLASS   MEDIUMCONST    

        CLASS   COMRAM         
                temp                                 7C       7C        1         1
                cstackCOMRAM                          1        1       69         1
                dataCOMRAM                           73       73        9         1
                bssCOMRAM                            6A       6A        9         1

        CLASS   ABS1           

        CLASS   BIGRAM         

        CLASS   RAM            

        CLASS   BANK0          
                cstackBANK0                          F9       F9        3         1
                dataBANK0                            E3       E3       16         1
                bssBANK0                             80       80       63         1

        CLASS   BANK1          
                dataBANK1                           100      100        A         1

        CLASS   BANK2          

        CLASS   BANK3          

        CLASS   BANK4          

        CLASS   BANK5          

        CLASS   BANK6          

        CLASS   BANK7          

        CLASS   BANK8          

        CLASS   BANK9          

        CLASS   BANK10         

        CLASS   BANK11         

        CLASS   BANK12         

        CLASS   BANK13         

        CLASS   BANK14         

        CLASS   BANK15         

        CLASS   SFR            

        CLASS   BIGSFR         

        CLASS   CONFIG         
                config                           300000   300000        E         4

        CLASS   IDLOC          
                idloc                            200000   200000        8         5

        CLASS   EEDATA         

        CLASS   FARRAM         

        CLASS   HEAP           

        CLASS   STACK          



SEGMENTS        Name                           Load    Length   Top    Selector   Space  Class

                reset_vec                      000000  000004  000004         0       0  CODE    
                cstackCOMRAM                   000001  00007C  00007D         1       1  COMRAM  
                intcode                        000008  00000A  000012         4       0  CODE    
                bssBANK0                       000080  00007C  0000FC        80       1  BANK0   
                dataBANK1                      000100  00000A  00010A       100       1  BANK1   
                smallconst                     001000  000016  001016       800       0  SMALLCON
                text14                         001016  001FCF  002FE5       80B       0  CODE    
                text22                         002FE6  000036  00301C      17F3       0  CODE    


UNUSED ADDRESS RANGES

        Name                Unused          Largest block    Delta
        BANK0            0000FC-0000FF                4
        BANK1            00010A-0001FF               F6
        BANK10           000A00-000AFF              100
        BANK11           000B00-000BFF              100
        BANK12           000C00-000CFF              100
        BANK13           000D00-000DFF              100
        BANK14           000E00-000EFF              100
        BANK15           000F00-000F7F               80
        BANK2            000200-0002FF              100
        BANK3            000300-0003FF              100
        BANK4            000400-0004FF              100
        BANK5            000500-0005FF              100
        BANK6            000600-0006FF              100
        BANK7            000700-0007FF              100
        BANK8            000800-0008FF              100
        BANK9            000900-0009FF              100
        BIGRAM           00007D-00007F                3
                         0000FC-0000FF                4
                         00010A-000F7F              E76
        BIGSFR           000F80-000FFF               80
        CODE             000004-000007                4
                         000012-000FFF              FEE
                         002FE5-002FE5                1
                         00301C-00FFFF             CFE4
        COMRAM           00007D-00007F                3
        CONST            000004-000007                4
                         000012-000FFF              FEE
                         002FE5-002FE5                1
                         00301C-00FFFF             CFE4
        EEDATA           F00000-F003FF              400
        MEDIUMCONST      002FE5-002FE5                1
                         00301C-00FFFF             CFE4
        RAM              0000FC-0000FF                4
                         00010A-000F7F              100
        SFR              000F80-000FFF               80
        SMALLCONST       002FE5-002FE5                1
                         00301C-00FFFF              100

                                  Symbol Table

?___fladd                                          cstackCOMRAM 000044
?___fldiv                                          cstackCOMRAM 00002B
?___flmul                                          cstackCOMRAM 000012
?___fltol                                          cstackCOMRAM 000054
?___xxtofl                                         cstackCOMRAM 000004
CCP_Capture_Mode_Config@_ccp_obj                   cstackCOMRAM 000007
CCP_Capture_Mode_Config@ret                        cstackCOMRAM 00000B
CCP_Compare_Mode_Config@_ccp_obj                   cstackCOMRAM 000007
CCP_Compare_Mode_Config@ret                        cstackCOMRAM 00000B
CCP_Init@_ccp_obj                                  cstackBANK0  0000F9
CCP_Init@ret                                       cstackBANK0  0000FB
CCP_Interrupt_Config@_ccp_obj                      cstackCOMRAM 000004
CCP_Mode_Timer_Select@_ccp_obj                     cstackCOMRAM 000004
CCP_PWM_Mode_Config@_ccp_obj                       cstackCOMRAM 00005E
MSSP_SPI_Msster_Mode_GPIO_PIN_Configurations@F3055 dataCOMRAM   000077
MSSP_SPI_Msster_Mode_GPIO_PIN_Configurations@F3057 dataCOMRAM   000076
MSSP_SPI_Msster_Mode_GPIO_PIN_Configurations@F3059 dataCOMRAM   000075
MSSP_SPI_Slave_Mode_GPIO_PIN_Configurations@F3064  dataCOMRAM   000074
MSSP_SPI_Slave_Mode_GPIO_PIN_Configurations@F3066  dataCOMRAM   000073
MSSP_SPI_Slave_Mode_GPIO_PIN_Configurations@F3068  dataBANK0    0000F8
MSSP_SPI_Slave_Mode_GPIO_PIN_Configurations@F3070  dataBANK0    0000F7
RB4_ISR@RB4_Source                                 cstackCOMRAM 000001
RB5_ISR@RB5_Source                                 cstackCOMRAM 000001
RB6_ISR@RB6_Source                                 cstackCOMRAM 000001
RB7_ISR@RB7_Source                                 cstackCOMRAM 000001
Timer3_Init@_timer                                 cstackCOMRAM 000006
Timer3_Init@ret                                    cstackCOMRAM 00000A
Timer3_Mode_Select@_timer                          cstackCOMRAM 000004
_ADCON0bits                                        (abs)        000FC2
_ADCON1bits                                        (abs)        000FC1
_ADCON2bits                                        (abs)        000FC0
_ADC_ISR                                           text40       003010
_ADC_InterruptHandler                              bssBANK0     0000C8
_ADRESH                                            (abs)        000FC4
_ADRESL                                            (abs)        000FC3
_BAUDCONbits                                       (abs)        000FB8
_CCP1CONbits                                       (abs)        000FBD
_CCP1_DefaultInterruptHandler                      text39       00301A
_CCP1_ISR                                          text38       002EFA
_CCP1_InterruptHandler                             bssBANK0     0000C6
_CCP1_Second_Copture_Flag                          bssBANK0     0000CA
_CCP2CONbits                                       (abs)        000FBA
_CCP2_ISR                                          text37       00300C
_CCP2_InterruptHandler                             bssBANK0     0000C4
_CCPR1L                                            (abs)        000FBE
_CCPR2L                                            (abs)        000FBB
_CCP_Capture_Mode_Config                           text17       002822
_CCP_Compare_Mode_Config                           text16       002434
_CCP_Init                                          text5        0026E0
_CCP_Interrupt_Config                              text15       002E88
_CCP_Mode_Timer_Select                             text18       002D3E
_CCP_PWM_Mode_Config                               text9        0020B0
_CCP_PWM_Mode_Config$5409                          cstackCOMRAM 000061
_CCP_PWM_Mode_Config$5410                          cstackCOMRAM 000065
_EEADR                                             (abs)        000FA9
_EEADRH                                            (abs)        000FAA
_EECON1bits                                        (abs)        000FA6
_EECON2                                            (abs)        000FA7
_EEDATA                                            (abs)        000FA8
_EUSART_FramingErrorHandler                        bssBANK0     000096
_EUSART_OverrunErrorHandler                        bssBANK0     000094
_EUSART_RX_ISR                                     text36       003018
_EUSART_RxInterruptHandler                         bssBANK0     000098
_EUSART_TX_ISR                                     text35       003008
_EUSART_TxInterruptHandler                         bssBANK0     00009A
_Freq                                              bssBANK0     000086
_I2C_DefaultInterruptHandle                        bssBANK0     0000C0
_I2C_Report_Receive_Overflow_InterruptHandle       bssBANK0     0000BE
_I2C_Report_Write_Collision_InterruptHandler       bssBANK0     0000C2
_INT0_ISR                                          text34       003004
_INT0_InterruptHandler                             bssBANK0     0000BC
_INT1_ISR                                          text33       003000
_INT1_InterruptHandler                             bssBANK0     0000BA
_INT2_ISR                                          text32       002FFC
_INT2_InterruptHandler                             bssBANK0     0000B8
_INTCON2bits                                       (abs)        000FF1
_INTCON3bits                                       (abs)        000FF0
_INTCONbits                                        (abs)        000FF2
_InterruptManager                                  intcode      000008
_LATA                                              (abs)        000F89
_LATB                                              (abs)        000F8A
_LATC                                              (abs)        000F8B
_LATD                                              (abs)        000F8C
_LATE                                              (abs)        000F8D
_MSSP_I2C_BC_ISR                                   text31       002FF8
_MSSP_I2C_ISR                                      text30       002FF4
_MSSP_SPI_ISR                                      text29       003016
_PIE1bits                                          (abs)        000F9D
_PIE2bits                                          (abs)        000FA0
_PIR1bits                                          (abs)        000F9E
_PIR2bits                                          (abs)        000FA1
_PORTA                                             (abs)        000F80
_PORTB                                             (abs)        000F81
_PORTBbits                                         (abs)        000F81
_PORTC                                             (abs)        000F82
_PORTD                                             (abs)        000F83
_PORTE                                             (abs)        000F84
_PR2                                               (abs)        000FCB
_RB4_Flag                                          dataCOMRAM   00007B
_RB4_ISR                                           text28       002F78
_RB4_InterruptHandler_HIGH                         bssBANK0     0000B6
_RB4_InterruptHandler_LOW                          bssBANK0     0000B4
_RB5_Flag                                          dataCOMRAM   00007A
_RB5_ISR                                           text27       002F5E
_RB5_InterruptHandler_HIGH                         bssBANK0     0000B2
_RB5_InterruptHandler_LOW                          bssBANK0     0000B0
_RB6_Flag                                          dataCOMRAM   000079
_RB6_ISR                                           text26       002F44
_RB6_InterruptHandler_HIGH                         bssBANK0     0000AE
_RB6_InterruptHandler_LOW                          bssBANK0     0000AC
_RB7_Flag                                          dataCOMRAM   000078
_RB7_ISR                                           text25       002F2A
_RB7_InterruptHandler_HIGH                         bssBANK0     0000AA
_RB7_InterruptHandler_LOW                          bssBANK0     0000A8
_RCREG                                             (abs)        000FAE
_RCSTAbits                                         (abs)        000FAB
_SPBRG                                             (abs)        000FAF
_SPBRGH                                            (abs)        000FB0
_SSPADD                                            (abs)        000FC8
_SSPBUF                                            (abs)        000FC9
_SSPCON1bits                                       (abs)        000FC6
_SSPCON2bits                                       (abs)        000FC5
_SSPSTATbits                                       (abs)        000FC7
_Second_Copture                                    bssBANK0     000092
_T0CONbits                                         (abs)        000FD5
_T1CONbits                                         (abs)        000FCD
_T2CONbits                                         (abs)        000FCA
_T3CONbits                                         (abs)        000FB1
_TMR0H                                             (abs)        000FD7
_TMR0L                                             (abs)        000FD6
_TMR0_ISR                                          text24       002FB8
_TMR0_InterruptHandler                             bssBANK0     0000A6
_TMR1H                                             (abs)        000FCF
_TMR1L                                             (abs)        000FCE
_TMR1_ISR                                          text23       002FC6
_TMR1_InterruptHandler                             bssBANK0     0000A2
_TMR2                                              (abs)        000FCC
_TMR2_ISR                                          text22       002FE6
_TMR2_InterruptHandler                             bssBANK0     0000A0
_TMR3H                                             (abs)        000FB3
_TMR3L                                             (abs)        000FB2
_TMR3_ISR                                          text20       002EC2
_TMR3_InterruptHandler                             bssBANK0     00009E
_TRISA                                             (abs)        000F92
_TRISB                                             (abs)        000F93
_TRISC                                             (abs)        000F94
_TRISCbits                                         (abs)        000F94
_TRISD                                             (abs)        000F95
_TRISE                                             (abs)        000F96
_TXREG                                             (abs)        000FAD
_TXSTAbits                                         (abs)        000FAC
_Timer3_DefaultInterruptHandler                    text21       002FA8
_Timer3_Init                                       text3        002B94
_Timer3_Mode_Select                                text4        002CC0
_Timer3_OverFlow                                   bssBANK0     00008E
_Total_Period_MicroSecond                          bssBANK0     00008A
__HRAM                                             (abs)        000000
__Habs1                                            abs1         000000
__Hbank0                                           bank0        000000
__Hbank1                                           bank1        000000
__Hbank10                                          bank10       000000
__Hbank11                                          bank11       000000
__Hbank12                                          bank12       000000
__Hbank13                                          bank13       000000
__Hbank14                                          bank14       000000
__Hbank15                                          bank15       000000
__Hbank2                                           bank2        000000
__Hbank3                                           bank3        000000
__Hbank4                                           bank4        000000
__Hbank5                                           bank5        000000
__Hbank6                                           bank6        000000
__Hbank7                                           bank7        000000
__Hbank8                                           bank8        000000
__Hbank9                                           bank9        000000
__Hbigbss                                          bigbss       000000
__Hbigdata                                         bigdata      000000
__Hbigram                                          bigram       000000
__Hbigsfr                                          bigsfr       000000
__Hbss                                             bss          000000
__HbssBANK0                                        bssBANK0     000000
__HbssCOMRAM                                       bssCOMRAM    000000
__Hcinit                                           cinit        000000
__Hclrtext                                         clrtext      000000
__Hcomram                                          comram       000000
__Hconfig                                          config       30000E
__Hconst                                           const        000000
__HcstackBANK0                                     cstackBANK0  000000
__HcstackCOMRAM                                    cstackCOMRAM 000000
__Hdata                                            data         000000
__HdataBANK0                                       dataBANK0    000000
__HdataBANK1                                       dataBANK1    000000
__HdataCOMRAM                                      dataCOMRAM   000000
__Heeprom_data                                     eeprom_data  000000
__Hfarbss                                          farbss       000000
__Hfardata                                         fardata      000000
__Hheap                                            heap         000000
__Hibigdata                                        ibigdata     000000
__Hidata                                           idata        000000
__HidataBANK0                                      idataBANK0   000000
__HidataBANK1                                      idataBANK1   000000
__HidataCOMRAM                                     idataCOMRAM  000000
__Hidloc                                           idloc        200008
__Hifardata                                        ifardata     000000
__Hinit                                            init         000012
__Hintcode                                         intcode      00000E
__Hintcode_body                                    intcode_body 000000
__Hintcodelo                                       intcodelo    00000E
__Hintentry                                        intentry     000000
__Hintret                                          intret       000000
__Hintsave_regs                                    intsave_regs 000000
__Hirdata                                          irdata       000000
__Hmediumconst                                     mediumconst  000000
__HnvFARRAM                                        nvFARRAM     000000
__Hnvbit                                           nvbit        000000
__Hnvrram                                          nvrram       000000
__Hparam                                           rparam       000000
__Hpowerup                                         powerup      00000E
__Hram                                             ram          000000
__Hramtop                                          ramtop       001000
__Hrbit                                            rbit         000000
__Hrbss                                            rbss         000000
__Hrdata                                           rdata        000000
__Hreset_vec                                       reset_vec    000004
__Hrparam                                          rparam       000000
__Hsfr                                             sfr          000000
__Hsmallconst                                      smallconst   001016
__Hspace_0                                         (abs)        00301C
__Hspace_1                                         (abs)        00010A
__Hspace_2                                         (abs)        000000
__Hspace_4                                         (abs)        60000E
__Hstack                                           stack        000000
__Hstruct                                          struct       000000
__Htemp                                            temp         00007D
__Htext                                            text         000000
__Htext0                                           text0        000000
__Htext1                                           text1        000000
__Htext10                                          text10       000000
__Htext11                                          text11       000000
__Htext12                                          text12       000000
__Htext13                                          text13       000000
__Htext14                                          text14       000000
__Htext15                                          text15       000000
__Htext16                                          text16       000000
__Htext17                                          text17       000000
__Htext18                                          text18       000000
__Htext2                                           text2        000000
__Htext20                                          text20       000000
__Htext21                                          text21       000000
__Htext22                                          text22       000000
__Htext23                                          text23       000000
__Htext24                                          text24       000000
__Htext25                                          text25       000000
__Htext26                                          text26       000000
__Htext27                                          text27       000000
__Htext28                                          text28       000000
__Htext29                                          text29       000000
__Htext3                                           text3        000000
__Htext30                                          text30       000000
__Htext31                                          text31       000000
__Htext32                                          text32       000000
__Htext33                                          text33       000000
__Htext34                                          text34       000000
__Htext35                                          text35       000000
__Htext36                                          text36       000000
__Htext37                                          text37       000000
__Htext38                                          text38       000000
__Htext39                                          text39       000000
__Htext4                                           text4        000000
__Htext40                                          text40       000000
__Htext41                                          text41       000000
__Htext5                                           text5        000000
__Htext6                                           text6        000000
__Htext7                                           text7        000000
__Htext8                                           text8        000000
__Htext9                                           text9        000000
__LRAM                                             (abs)        000001
__Labs1                                            abs1         000000
__Lbank0                                           bank0        000000
__Lbank1                                           bank1        000000
__Lbank10                                          bank10       000000
__Lbank11                                          bank11       000000
__Lbank12                                          bank12       000000
__Lbank13                                          bank13       000000
__Lbank14                                          bank14       000000
__Lbank15                                          bank15       000000
__Lbank2                                           bank2        000000
__Lbank3                                           bank3        000000
__Lbank4                                           bank4        000000
__Lbank5                                           bank5        000000
__Lbank6                                           bank6        000000
__Lbank7                                           bank7        000000
__Lbank8                                           bank8        000000
__Lbank9                                           bank9        000000
__Lbigbss                                          bigbss       000000
__Lbigdata                                         bigdata      000000
__Lbigram                                          bigram       000000
__Lbigsfr                                          bigsfr       000000
__Lbss                                             bss          000000
__LbssBANK0                                        bssBANK0     000000
__LbssCOMRAM                                       bssCOMRAM    000000
__Lcinit                                           cinit        000000
__Lclrtext                                         clrtext      000000
__Lcomram                                          comram       000000
__Lconfig                                          config       000000
__Lconst                                           const        000000
__LcstackBANK0                                     cstackBANK0  000000
__LcstackCOMRAM                                    cstackCOMRAM 000000
__Ldata                                            data         000000
__LdataBANK0                                       dataBANK0    000000
__LdataBANK1                                       dataBANK1    000000
__LdataCOMRAM                                      dataCOMRAM   000000
__Leeprom_data                                     eeprom_data  000000
__Lfarbss                                          farbss       000000
__Lfardata                                         fardata      000000
__Lheap                                            heap         000000
__Libigdata                                        ibigdata     000000
__Lidata                                           idata        000000
__LidataBANK0                                      idataBANK0   000000
__LidataBANK1                                      idataBANK1   000000
__LidataCOMRAM                                     idataCOMRAM  000000
__Lidloc                                           idloc        000000
__Lifardata                                        ifardata     000000
__Linit                                            init         00000E
__Lintcode                                         intcode      000008
__Lintcode_body                                    intcode_body 000000
__Lintcodelo                                       intcodelo    00000E
__Lintentry                                        intentry     000000
__Lintret                                          intret       000000
__Lintsave_regs                                    intsave_regs 000000
__Lirdata                                          irdata       000000
__Lmediumconst                                     mediumconst  000000
__LnvFARRAM                                        nvFARRAM     000000
__Lnvbit                                           nvbit        000000
__Lnvrram                                          nvrram       000000
__Lparam                                           rparam       000000
__Lpowerup                                         powerup      00000E
__Lram                                             ram          000000
__Lramtop                                          ramtop       001000
__Lrbit                                            rbit         000000
__Lrbss                                            rbss         000000
__Lrdata                                           rdata        000000
__Lreset_vec                                       reset_vec    000000
__Lrparam                                          rparam       000000
__Lsfr                                             sfr          000000
__Lsmallconst                                      smallconst   001000
__Lspace_0                                         (abs)        000000
__Lspace_1                                         (abs)        000000
__Lspace_2                                         (abs)        000000
__Lspace_4                                         (abs)        000000
__Lstack                                           stack        000000
__Lstruct                                          struct       000000
__Ltemp                                            temp         00007C
__Ltext                                            text         000000
__Ltext0                                           text0        000000
__Ltext1                                           text1        000000
__Ltext10                                          text10       000000
__Ltext11                                          text11       000000
__Ltext12                                          text12       000000
__Ltext13                                          text13       000000
__Ltext14                                          text14       000000
__Ltext15                                          text15       000000
__Ltext16                                          text16       000000
__Ltext17                                          text17       000000
__Ltext18                                          text18       000000
__Ltext2                                           text2        000000
__Ltext20                                          text20       000000
__Ltext21                                          text21       000000
__Ltext22                                          text22       000000
__Ltext23                                          text23       000000
__Ltext24                                          text24       000000
__Ltext25                                          text25       000000
__Ltext26                                          text26       000000
__Ltext27                                          text27       000000
__Ltext28                                          text28       000000
__Ltext29                                          text29       000000
__Ltext3                                           text3        000000
__Ltext30                                          text30       000000
__Ltext31                                          text31       000000
__Ltext32                                          text32       000000
__Ltext33                                          text33       000000
__Ltext34                                          text34       000000
__Ltext35                                          text35       000000
__Ltext36                                          text36       000000
__Ltext37                                          text37       000000
__Ltext38                                          text38       000000
__Ltext39                                          text39       000000
__Ltext4                                           text4        000000
__Ltext40                                          text40       000000
__Ltext41                                          text41       000000
__Ltext5                                           text5        000000
__Ltext6                                           text6        000000
__Ltext7                                           text7        000000
__Ltext8                                           text8        000000
__Ltext9                                           text9        000000
__S0                                               (abs)        00301C
__S1                                               (abs)        00010A
__S4                                               (abs)        000000
__S5                                               (abs)        000000
___fladd                                           text14       001016
___fladd@a                                         cstackCOMRAM 000048
___fladd@aexp                                      cstackCOMRAM 000051
___fladd@b                                         cstackCOMRAM 000044
___fladd@bexp                                      cstackCOMRAM 000052
___fladd@grs                                       cstackCOMRAM 000053
___fladd@signs                                     cstackCOMRAM 000050
___fldiv                                           text13       001D16
___fldiv@a                                         cstackCOMRAM 00002F
___fldiv@aexp                                      cstackCOMRAM 000043
___fldiv@b                                         cstackCOMRAM 00002B
___fldiv@bexp                                      cstackCOMRAM 000042
___fldiv@grs                                       cstackCOMRAM 00003E
___fldiv@new_exp                                   cstackCOMRAM 00003C
___fldiv@rem                                       cstackCOMRAM 000037
___fldiv@sign                                      cstackCOMRAM 00003B
___flmul                                           text12       0014D6
___flmul@a                                         cstackCOMRAM 000016
___flmul@aexp                                      cstackCOMRAM 00001F
___flmul@b                                         cstackCOMRAM 000012
___flmul@bexp                                      cstackCOMRAM 000024
___flmul@grs                                       cstackCOMRAM 000020
___flmul@prod                                      cstackCOMRAM 000025
___flmul@sign                                      cstackCOMRAM 00001E
___flmul@temp                                      cstackCOMRAM 000029
___fltol                                           text11       002A8E
___fltol@exp1                                      cstackCOMRAM 00005D
___fltol@f1                                        cstackCOMRAM 000054
___fltol@sign1                                     cstackCOMRAM 00005C
___heap_hi                                         (abs)        000000
___heap_lo                                         (abs)        000000
___inthi_sp                                        stack        000000
___intlo_sp                                        stack        000000
___param_bank                                      (abs)        000000
___rparam_used                                     (abs)        000001
___sp                                              stack        000000
___xxtofl                                          text10       002280
___xxtofl@arg                                      cstackCOMRAM 00000E
___xxtofl@exp                                      cstackCOMRAM 00000D
___xxtofl@sign                                     cstackCOMRAM 00000C
___xxtofl@val                                      cstackCOMRAM 000004
__accesstop                                        (abs)        000080
__activetblptr                                     (abs)        000003
__end_of_ADC_ISR                                   text40       003014
__end_of_CCP1_DefaultInterruptHandler              text39       00301C
__end_of_CCP1_ISR                                  text38       002F2A
__end_of_CCP2_ISR                                  text37       003010
__end_of_CCP_Capture_Mode_Config                   text17       002962
__end_of_CCP_Compare_Mode_Config                   text16       00259C
__end_of_CCP_Init                                  text5        002822
__end_of_CCP_Interrupt_Config                      text15       002EC2
__end_of_CCP_Mode_Timer_Select                     text18       002DAE
__end_of_CCP_PWM_Mode_Config                       text9        002280
__end_of_EUSART_RX_ISR                             text36       00301A
__end_of_EUSART_TX_ISR                             text35       00300C
__end_of_INT0_ISR                                  text34       003008
__end_of_INT1_ISR                                  text33       003004
__end_of_INT2_ISR                                  text32       003000
__end_of_InterruptManager                          intcode_body 001D16
__end_of_MSSP_I2C_BC_ISR                           text31       002FFC
__end_of_MSSP_I2C_ISR                              text30       002FF8
__end_of_MSSP_SPI_ISR                              text29       003018
__end_of_RB4_ISR                                   text28       002F92
__end_of_RB5_ISR                                   text27       002F78
__end_of_RB6_ISR                                   text26       002F5E
__end_of_RB7_ISR                                   text25       002F44
__end_of_TMR0_ISR                                  text24       002FC6
__end_of_TMR1_ISR                                  text23       002FD2
__end_of_TMR2_ISR                                  text22       002FEE
__end_of_TMR3_ISR                                  text20       002EFA
__end_of_Timer3_DefaultInterruptHandler            text21       002FB8
__end_of_Timer3_Init                               text3        002C3E
__end_of_Timer3_Mode_Select                        text4        002D3E
__end_of___fladd                                   text14       0014D6
__end_of___fldiv                                   text13       0020B0
__end_of___flmul                                   text12       001900
__end_of___fltol                                   text11       002B94
__end_of___xxtofl                                  text10       002434
__end_of__initialization                           cinit        002CB6
__end_of_application_intialize                     text1        002FF4
__end_of_btn_values                                smallconst   001011
__end_of_ecu_layer_intialize                       text2        003016
__end_of_gpio_pin_direction_intialize              text8        0026E0
__end_of_gpio_pin_intialize                        text6        002E88
__end_of_gpio_pin_write_logic                      text7        002A8E
__end_of_main                                      text0        002E1C
__initialization                                   cinit        002C3E
__mediumconst                                      mediumconst  000000
__pbssBANK0                                        bssBANK0     000080
__pbssCOMRAM                                       bssCOMRAM    00006A
__pcinit                                           cinit        002C3E
__pcstackBANK0                                     cstackBANK0  0000F9
__pcstackCOMRAM                                    cstackCOMRAM 000001
__pdataBANK0                                       dataBANK0    0000E3
__pdataBANK1                                       dataBANK1    000100
__pdataCOMRAM                                      dataCOMRAM   000073
__pidataBANK0                                      idataBANK0   002F92
__pidataBANK1                                      idataBANK1   002FD2
__pidataCOMRAM                                     idataCOMRAM  002FDC
__pintcode                                         intcode      000008
__pintcode_body                                    intcode_body 001900
__psmallconst                                      smallconst   001000
__ptext0                                           text0        002DAE
__ptext1                                           text1        002FEE
__ptext10                                          text10       002280
__ptext11                                          text11       002A8E
__ptext12                                          text12       0014D6
__ptext13                                          text13       001D16
__ptext14                                          text14       001016
__ptext15                                          text15       002E88
__ptext16                                          text16       002434
__ptext17                                          text17       002822
__ptext18                                          text18       002D3E
__ptext2                                           text2        003014
__ptext20                                          text20       002EC2
__ptext21                                          text21       002FA8
__ptext22                                          text22       002FE6
__ptext23                                          text23       002FC6
__ptext24                                          text24       002FB8
__ptext25                                          text25       002F2A
__ptext26                                          text26       002F44
__ptext27                                          text27       002F5E
__ptext28                                          text28       002F78
__ptext29                                          text29       003016
__ptext3                                           text3        002B94
__ptext30                                          text30       002FF4
__ptext31                                          text31       002FF8
__ptext32                                          text32       002FFC
__ptext33                                          text33       003000
__ptext34                                          text34       003004
__ptext35                                          text35       003008
__ptext36                                          text36       003018
__ptext37                                          text37       00300C
__ptext38                                          text38       002EFA
__ptext39                                          text39       00301A
__ptext4                                           text4        002CC0
__ptext40                                          text40       003010
__ptext41                                          text41       000000
__ptext5                                           text5        0026E0
__ptext6                                           text6        002E1C
__ptext7                                           text7        002962
__ptext8                                           text8        00259C
__ptext9                                           text9        0020B0
__ramtop                                           ramtop       001000
__smallconst                                       smallconst   001000
_application_intialize                             text1        002FEE
_ccp_obj                                           bssBANK0     0000CC
_ecu_layer_intialize                               text2        003014
_gpio_pin_direction_intialize                      text8        00259C
_gpio_pin_intialize                                text6        002E1C
_gpio_pin_write_logic                              text7        002962
_lat_registers                                     dataBANK0    0000E3
_main                                              text0        002DAE
_port_registers                                    dataBANK1    000100
_timer0_preload                                    bssBANK0     0000A4
_timer1_preload                                    bssCOMRAM    00006A
_timer2_preload                                    bssBANK0     0000CB
_timer3_obj                                        bssBANK0     0000DD
_timer3_preload                                    bssBANK0     00009C
_tris_registers                                    dataBANK0    0000ED
btemp                                              temp         00007C
end_of_initialization                              cinit        002CB6
gpio_pin_direction_intialize@_pin_config           cstackCOMRAM 000004
gpio_pin_direction_intialize@ret                   cstackCOMRAM 00000C
gpio_pin_intialize@_pin_config                     cstackCOMRAM 00000E
gpio_pin_intialize@ret                             cstackCOMRAM 000011
gpio_pin_write_logic@_pin_config                   cstackCOMRAM 000004
gpio_pin_write_logic@logic                         cstackCOMRAM 000006
gpio_pin_write_logic@ret                           cstackCOMRAM 00000D
int$flags                                          temp         00007C
int_func                                           intcode_body 001900
intlevel0                                          text         000000
intlevel1                                          text         000000
intlevel2                                          text         000000
intlevel3                                          text         000000
isa$std                                            (abs)        000001
isa$xinst                                          (abs)        000000
led_initialize@F3013                               bssCOMRAM    000072
led_turn_off@F3023                                 bssCOMRAM    000070
led_turn_on@F3018                                  bssCOMRAM    000071
led_turn_toggle@F3028                              bssCOMRAM    00006F
relay_initialize@F3007                             bssCOMRAM    00006E
relay_turn_off@F3017                               bssCOMRAM    00006C
relay_turn_on@F3012                                bssCOMRAM    00006D
stackhi                                            (abs)        000000
stacklo                                            (abs)        000000
start                                              init         00000E
start_initialization                               cinit        002C3E
ttemp5                                             temp         00007D
ttemp6                                             temp         000080
ttemp7                                             temp         000084
wtemp8                                             temp         00007D


MODULE INFORMATION

Module		Function		Class		Link	Load	Size
MCAL_Layer/Timer2/hal_timr2.c
		_TMR2_ISR      		CODE           	2FE6	0000	8

MCAL_Layer/Timer2/hal_timr2.c estimated size: 8

C:\Program Files\Microchip\xc8\v2.36\pic\sources\c99\common\sprcmul.c
		___flmul       		CODE           	14D6	0000	1066

C:\Program Files\Microchip\xc8\v2.36\pic\sources\c99\common\sprcmul.c estimated size: 1066

MCAL_Layer/Timer0/hal_timr0.c
		_TMR0_ISR      		CODE           	2FB8	0000	14

MCAL_Layer/Timer0/hal_timr0.c estimated size: 14

C:\Program Files\Microchip\xc8\v2.36\pic\sources\c99\common\sprcdiv.c
		___fldiv       		CODE           	1D16	0000	922

C:\Program Files\Microchip\xc8\v2.36\pic\sources\c99\common\sprcdiv.c estimated size: 922

C:\Program Files\Microchip\xc8\v2.36\pic\sources\c99\common\xxtofl.c
		___xxtofl      		CODE           	2280	0000	436

C:\Program Files\Microchip\xc8\v2.36\pic\sources\c99\common\xxtofl.c estimated size: 436

MCAL_Layer/SPI/hal_spi.c
		_MSSP_SPI_ISR  		CODE           	3016	0000	2

MCAL_Layer/SPI/hal_spi.c estimated size: 2

MCAL_Layer/I2C/hal_i2c.c
		_MSSP_I2C_ISR  		CODE           	2FF4	0000	4
		_MSSP_I2C_BC_ISR		CODE           	2FF8	0000	4

MCAL_Layer/I2C/hal_i2c.c estimated size: 8

C:\Program Files\Microchip\xc8\v2.36\pic\sources\c99\common\sprcadd.c
		___fladd       		CODE           	1016	0000	1216

C:\Program Files\Microchip\xc8\v2.36\pic\sources\c99\common\sprcadd.c estimated size: 1216

MCAL_Layer/usart/hal_usart.c
		_EUSART_RX_ISR 		CODE           	3018	0000	2
		_EUSART_TX_ISR 		CODE           	3008	0000	4

MCAL_Layer/usart/hal_usart.c estimated size: 6

MCAL_Layer/Timer3/hal_timr3.c
		_TMR3_ISR      		CODE           	2EC2	0000	56
		_Timer3_Init   		CODE           	2B94	0000	170
		_Timer3_Mode_Select		CODE           	2CC0	0000	126

MCAL_Layer/Timer3/hal_timr3.c estimated size: 352

C:\Program Files\Microchip\xc8\v2.36\pic\sources\c99\common\fltol.c
		___fltol       		CODE           	2A8E	0000	262

C:\Program Files\Microchip\xc8\v2.36\pic\sources\c99\common\fltol.c estimated size: 262

shared
		_btn_values    		SMALLCONST     	0000	0000	0
		__initialization		CODE           	2C3E	0000	120

shared estimated size: 120

MCAL_Layer/Interrupt/mcal_external_interrupt.c
		_RB4_ISR       		CODE           	2F78	0000	26
		_RB5_ISR       		CODE           	2F5E	0000	26
		_RB6_ISR       		CODE           	2F44	0000	26
		_RB7_ISR       		CODE           	2F2A	0000	26
		_INT0_ISR      		CODE           	3004	0000	4
		_INT1_ISR      		CODE           	3000	0000	4
		_INT2_ISR      		CODE           	2FFC	0000	4

MCAL_Layer/Interrupt/mcal_external_interrupt.c estimated size: 116

MCAL_Layer/ADC/hal_adc.c
		_ADC_ISR       		CODE           	3010	0000	4

MCAL_Layer/ADC/hal_adc.c estimated size: 4

MCAL_Layer/Interrupt/mcal_interrupt_manager.c
		_InterruptManager		CODE           	0008	0000	1052

MCAL_Layer/Interrupt/mcal_interrupt_manager.c estimated size: 1052

MCAL_Layer/GPIO/hal_gpio.c
		_gpio_pin_write_logic		CODE           	2962	0000	300
		_gpio_pin_intialize		CODE           	2E1C	0000	108
		_gpio_pin_direction_intialize		CODE           	259C	0000	324

MCAL_Layer/GPIO/hal_gpio.c estimated size: 732

MCAL_Layer/Timer1/hal_timr1.c
		_TMR1_ISR      		CODE           	2FC6	0000	12

MCAL_Layer/Timer1/hal_timr1.c estimated size: 12

ECU_Layer/ecu_layer_init.c
		_ecu_layer_intialize		CODE           	3014	0000	2

ECU_Layer/ecu_layer_init.c estimated size: 2

application.c
		_Timer3_DefaultInterruptHandler		CODE           	2FA8	0000	16
		_CCP1_DefaultInterruptHandler		CODE           	301A	0000	2
		_main          		CODE           	2DAE	0000	110
		_application_intialize		CODE           	2FEE	0000	6

application.c estimated size: 134

MCAL_Layer/CCP/hal_ccp.c
		_CCP_Capture_Mode_Config		CODE           	2822	0000	320
		_CCP_Mode_Timer_Select		CODE           	2D3E	0000	112
		_CCP_PWM_Mode_Config		CODE           	20B0	0000	464
		_CCP1_ISR      		CODE           	2EFA	0000	48
		_CCP_Init      		CODE           	26E0	0000	322
		_CCP2_ISR      		CODE           	300C	0000	4
		_CCP_Compare_Mode_Config		CODE           	2434	0000	360
		_CCP_Interrupt_Config		CODE           	2E88	0000	58

MCAL_Layer/CCP/hal_ccp.c estimated size: 1688

